// Vitest Snapshot v1, https://vitest.dev/guide/snapshot.html

exports[`HTMLParser > parse attributes > attr 1`] = `
[
  {
    "end": 18,
    "key": "container",
    "raw": "container="~"",
    "start": 5,
    "value": "~",
  },
  {
    "end": 33,
    "key": "min-h",
    "raw": "min-h="screen"",
    "start": 19,
    "value": "screen",
  },
  {
    "end": 47,
    "key": "bg",
    "raw": "bg="gray-100"",
    "start": 34,
    "value": "gray-100",
  },
  {
    "end": 60,
    "key": "flex",
    "raw": "flex="~ col"",
    "start": 48,
    "value": [
      "~",
      "col",
    ],
  },
  {
    "end": 77,
    "key": "justify",
    "raw": "justify="center"",
    "start": 61,
    "value": "center",
  },
  {
    "end": 114,
    "key": "p",
    "raw": "p="y-6 sm:y-12 md:y-0 lg:y-2 xl:y-4"",
    "start": 78,
    "value": [
      "y-6",
      "sm:y-12",
      "md:y-0",
      "lg:y-2",
      "xl:y-4",
    ],
  },
  {
    "end": 138,
    "key": "pos",
    "raw": "pos="relative"",
    "start": 124,
    "value": "relative",
  },
  {
    "end": 152,
    "key": "w",
    "raw": "w="sm:max-xl"",
    "start": 139,
    "value": "sm:max-xl",
  },
  {
    "end": 160,
    "key": "p",
    "raw": "p="y-3"",
    "start": 153,
    "value": "y-3",
  },
  {
    "end": 174,
    "key": "m",
    "raw": "m="sm:x-auto"",
    "start": 161,
    "value": "sm:x-auto",
  },
  {
    "end": 208,
    "key": "pos",
    "raw": "pos="absolute inset-0"",
    "start": 186,
    "value": [
      "absolute",
      "inset-0",
    ],
  },
  {
    "end": 256,
    "key": "gradient",
    "raw": "gradient="to-r from-cyan-400 to-light-blue-500"",
    "start": 209,
    "value": [
      "to-r",
      "from-cyan-400",
      "to-light-blue-500",
    ],
  },
  {
    "end": 268,
    "key": "shadow",
    "raw": "shadow="lg"",
    "start": 257,
    "value": "lg",
  },
  {
    "end": 317,
    "key": "transform",
    "raw": "transform="~ -skew-y-6 sm:skew-y-0 sm:-rotate-6"",
    "start": 269,
    "value": [
      "~",
      "-skew-y-6",
      "sm:skew-y-0",
      "sm:-rotate-6",
    ],
  },
  {
    "end": 341,
    "key": "border",
    "raw": "border="sm:rounded-3xl"",
    "start": 318,
    "value": "sm:rounded-3xl",
  },
  {
    "end": 379,
    "key": "pos",
    "raw": "pos="relative"",
    "start": 365,
    "value": "relative",
  },
  {
    "end": 398,
    "key": "p",
    "raw": "p="x-4 y-10 sm:20"",
    "start": 380,
    "value": [
      "x-4",
      "y-10",
      "sm:20",
    ],
  },
  {
    "end": 409,
    "key": "bg",
    "raw": "bg="white"",
    "start": 399,
    "value": "white",
  },
  {
    "end": 421,
    "key": "shadow",
    "raw": "shadow="lg"",
    "start": 410,
    "value": "lg",
  },
  {
    "end": 445,
    "key": "border",
    "raw": "border="sm:rounded-3xl"",
    "start": 422,
    "value": "sm:rounded-3xl",
  },
  {
    "end": 469,
    "key": "m",
    "raw": "m="x-auto"",
    "start": 459,
    "value": "x-auto",
  },
  {
    "end": 480,
    "key": "w",
    "raw": "w="max-md"",
    "start": 470,
    "value": "max-md",
  },
  {
    "end": 532,
    "key": "src",
    "raw": "src="/img/logo.svg"",
    "start": 513,
    "value": "/img/logo.svg",
  },
  {
    "end": 543,
    "key": "h",
    "raw": "h="7 sm:8"",
    "start": 533,
    "value": [
      "7",
      "sm:8",
    ],
  },
  {
    "end": 595,
    "key": "divide",
    "raw": "divide="y gray-200"",
    "start": 576,
    "value": [
      "y",
      "gray-200",
    ],
  },
  {
    "end": 639,
    "key": "text",
    "raw": "text="base sm:lg gray-700"",
    "start": 613,
    "value": [
      "base",
      "sm:lg",
      "gray-700",
    ],
  },
  {
    "end": 669,
    "key": "font",
    "raw": "font="leading-6 sm:leading-7"",
    "start": 640,
    "value": [
      "leading-6",
      "sm:leading-7",
    ],
  },
  {
    "end": 677,
    "key": "p",
    "raw": "p="y-8"",
    "start": 670,
    "value": "y-8",
  },
  {
    "end": 689,
    "key": "space",
    "raw": "space="y-4"",
    "start": 678,
    "value": "y-4",
  },
  {
    "end": 819,
    "key": "list",
    "raw": "list="disc"",
    "start": 808,
    "value": "disc",
  },
  {
    "end": 831,
    "key": "space",
    "raw": "space="y-2"",
    "start": 820,
    "value": "y-2",
  },
  {
    "end": 858,
    "key": "flex",
    "raw": "flex=~",
    "start": 852,
    "value": "~",
  },
  {
    "end": 872,
    "key": "items",
    "raw": "items="start"",
    "start": 859,
    "value": "start",
  },
  {
    "end": 907,
    "key": "h",
    "raw": "h="6 sm:7"",
    "start": 897,
    "value": [
      "6",
      "sm:7",
    ],
  },
  {
    "end": 916,
    "key": "flex",
    "raw": "flex="~"",
    "start": 908,
    "value": "~",
  },
  {
    "end": 931,
    "key": "items",
    "raw": "items="center"",
    "start": 917,
    "value": "center",
  },
  {
    "end": 972,
    "key": "flex",
    "raw": "flex="shrink-0"",
    "start": 957,
    "value": "shrink-0",
  },
  {
    "end": 976,
    "key": "h",
    "raw": "h=5",
    "start": 973,
    "value": "5",
  },
  {
    "end": 980,
    "key": "w",
    "raw": "w=5",
    "start": 977,
    "value": "5",
  },
  {
    "end": 996,
    "key": "text",
    "raw": "text="cyan-500"",
    "start": 981,
    "value": "cyan-500",
  },
  {
    "end": 1016,
    "key": "viewBox",
    "raw": "viewBox="0 0 20 20"",
    "start": 997,
    "value": [
      "0",
      "0",
      "20",
      "20",
    ],
  },
  {
    "end": 1036,
    "key": "fill",
    "raw": "fill="currentColor"",
    "start": 1017,
    "value": "currentColor",
  },
  {
    "end": 1084,
    "key": "fill-rule",
    "raw": "fill-rule="evenodd"",
    "start": 1065,
    "value": "evenodd",
  },
  {
    "end": 1245,
    "key": "d",
    "raw": "d="M10 18a8 8 0 100-16 8 8 0 000 16zm3.707-9.293a1 1 0 00-1.414-1.414L9 10.586 7.707 9.293a1 1 0 00-1.414 1.414l2 2a1 1 0 001.414 0l4-4z"",
    "start": 1108,
    "value": [
      "M10",
      "18a8",
      "8",
      "0",
      "100-16",
      "8",
      "8",
      "0",
      "000",
      "16zm3.707-9.293a1",
      "1",
      "0",
      "00-1.414-1.414L9",
      "10.586",
      "7.707",
      "9.293a1",
      "1",
      "0",
      "00-1.414",
      "1.414l2",
      "2a1",
      "1",
      "0",
      "001.414",
      "0l4-4z",
    ],
  },
  {
    "end": 1288,
    "key": "clip-rule",
    "raw": "clip-rule="evenodd"",
    "start": 1269,
    "value": "evenodd",
  },
  {
    "end": 1375,
    "key": "class",
    "raw": "class="ml-2"",
    "start": 1363,
    "value": "ml-2",
  },
  {
    "end": 1477,
    "key": "class",
    "raw": "class="text-sm font-bold text-gray-900"",
    "start": 1438,
    "value": [
      "text-sm",
      "font-bold",
      "text-gray-900",
    ],
  },
  {
    "end": 1576,
    "key": "flex",
    "raw": "flex="~"",
    "start": 1568,
    "value": "~",
  },
  {
    "end": 1590,
    "key": "items",
    "raw": "items="start"",
    "start": 1577,
    "value": "start",
  },
  {
    "end": 1623,
    "key": "flex",
    "raw": "flex="~"",
    "start": 1615,
    "value": "~",
  },
  {
    "end": 1638,
    "key": "items",
    "raw": "items="center"",
    "start": 1624,
    "value": "center",
  },
  {
    "end": 1649,
    "key": "h",
    "raw": "h="6 sm:7"",
    "start": 1639,
    "value": [
      "6",
      "sm:7",
    ],
  },
  {
    "end": 1690,
    "key": "flex",
    "raw": "flex="shrink-0"",
    "start": 1675,
    "value": "shrink-0",
  },
  {
    "end": 1694,
    "key": "h",
    "raw": "h=5",
    "start": 1691,
    "value": "5",
  },
  {
    "end": 1698,
    "key": "w",
    "raw": "w=5",
    "start": 1695,
    "value": "5",
  },
  {
    "end": 1712,
    "key": "text",
    "raw": "text=cyan-500",
    "start": 1699,
    "value": "cyan-500",
  },
  {
    "end": 1732,
    "key": "viewBox",
    "raw": "viewBox="0 0 20 20"",
    "start": 1713,
    "value": [
      "0",
      "0",
      "20",
      "20",
    ],
  },
  {
    "end": 1752,
    "key": "fill",
    "raw": "fill="currentColor"",
    "start": 1733,
    "value": "currentColor",
  },
  {
    "end": 1800,
    "key": "fill-rule",
    "raw": "fill-rule="evenodd"",
    "start": 1781,
    "value": "evenodd",
  },
  {
    "end": 1961,
    "key": "d",
    "raw": "d="M10 18a8 8 0 100-16 8 8 0 000 16zm3.707-9.293a1 1 0 00-1.414-1.414L9 10.586 7.707 9.293a1 1 0 00-1.414 1.414l2 2a1 1 0 001.414 0l4-4z"",
    "start": 1824,
    "value": [
      "M10",
      "18a8",
      "8",
      "0",
      "100-16",
      "8",
      "8",
      "0",
      "000",
      "16zm3.707-9.293a1",
      "1",
      "0",
      "00-1.414-1.414L9",
      "10.586",
      "7.707",
      "9.293a1",
      "1",
      "0",
      "00-1.414",
      "1.414l2",
      "2a1",
      "1",
      "0",
      "001.414",
      "0l4-4z",
    ],
  },
  {
    "end": 2004,
    "key": "clip-rule",
    "raw": "clip-rule="evenodd"",
    "start": 1985,
    "value": "evenodd",
  },
  {
    "end": 2084,
    "key": "m",
    "raw": "m=l-2",
    "start": 2079,
    "value": "l-2",
  },
  {
    "end": 2165,
    "key": "font",
    "raw": "font="bold"",
    "start": 2154,
    "value": "bold",
  },
  {
    "end": 2184,
    "key": "text",
    "raw": "text="sm gray-900"",
    "start": 2166,
    "value": [
      "sm",
      "gray-900",
    ],
  },
  {
    "end": 2269,
    "key": "flex",
    "raw": "flex="~"",
    "start": 2261,
    "value": "~",
  },
  {
    "end": 2283,
    "key": "items",
    "raw": "items="start"",
    "start": 2270,
    "value": "start",
  },
  {
    "end": 2316,
    "key": "flex",
    "raw": "flex="~"",
    "start": 2308,
    "value": "~",
  },
  {
    "end": 2331,
    "key": "items",
    "raw": "items="center"",
    "start": 2317,
    "value": "center",
  },
  {
    "end": 2342,
    "key": "h",
    "raw": "h="6 sm:7"",
    "start": 2332,
    "value": [
      "6",
      "sm:7",
    ],
  },
  {
    "end": 2411,
    "key": "class",
    "raw": "class="flex-shrink-0 h-5 w-5 text-cyan-500"",
    "start": 2368,
    "value": [
      "flex-shrink-0",
      "h-5",
      "w-5",
      "text-cyan-500",
    ],
  },
  {
    "end": 2431,
    "key": "viewBox",
    "raw": "viewBox="0 0 20 20"",
    "start": 2412,
    "value": [
      "0",
      "0",
      "20",
      "20",
    ],
  },
  {
    "end": 2451,
    "key": "fill",
    "raw": "fill="currentColor"",
    "start": 2432,
    "value": "currentColor",
  },
  {
    "end": 2499,
    "key": "fill-rule",
    "raw": "fill-rule="evenodd"",
    "start": 2480,
    "value": "evenodd",
  },
  {
    "end": 2660,
    "key": "d",
    "raw": "d="M10 18a8 8 0 100-16 8 8 0 000 16zm3.707-9.293a1 1 0 00-1.414-1.414L9 10.586 7.707 9.293a1 1 0 00-1.414 1.414l2 2a1 1 0 001.414 0l4-4z"",
    "start": 2523,
    "value": [
      "M10",
      "18a8",
      "8",
      "0",
      "100-16",
      "8",
      "8",
      "0",
      "000",
      "16zm3.707-9.293a1",
      "1",
      "0",
      "00-1.414-1.414L9",
      "10.586",
      "7.707",
      "9.293a1",
      "1",
      "0",
      "00-1.414",
      "1.414l2",
      "2a1",
      "1",
      "0",
      "001.414",
      "0l4-4z",
    ],
  },
  {
    "end": 2703,
    "key": "clip-rule",
    "raw": "clip-rule="evenodd"",
    "start": 2684,
    "value": "evenodd",
  },
  {
    "end": 2785,
    "key": "m",
    "raw": "m="l-2"",
    "start": 2778,
    "value": "l-2",
  },
  {
    "end": 3058,
    "key": "text",
    "raw": "text="base sm:lg"",
    "start": 3041,
    "value": [
      "base",
      "sm:lg",
    ],
  },
  {
    "end": 3066,
    "key": "p",
    "raw": "p="t-6"",
    "start": 3059,
    "value": "t-6",
  },
  {
    "end": 3101,
    "key": "font",
    "raw": "font="bold leading-6 sm:leading-7"",
    "start": 3067,
    "value": [
      "bold",
      "leading-6",
      "sm:leading-7",
    ],
  },
  {
    "end": 3226,
    "key": "href",
    "raw": "href="https://windicss.org/utilities"",
    "start": 3189,
    "value": "https://windicss.org/utilities",
  },
  {
    "end": 3257,
    "key": "text",
    "raw": "text="cyan-600 hover:cyan-700"",
    "start": 3227,
    "value": [
      "cyan-600",
      "hover:cyan-700",
    ],
  },
]
`;

exports[`HTMLParser > parse classes > class 1`] = `
[
  {
    "end": 113,
    "result": "container min-h-screen bg-gray-100 py-6 flex flex-col justify-center sm:py-12 md:py-0 lg:py-2 xl:py-4",
    "start": 12,
  },
  {
    "end": 167,
    "result": "relative py-3 sm:max-w-xl sm:mx-auto",
    "start": 131,
  },
  {
    "end": 322,
    "result": "absolute inset-0 bg-gradient-to-r from-cyan-400 to-light-blue-500 shadow-lg transform -skew-y-6 sm:skew-y-0 sm:-rotate-6 sm:rounded-3xl",
    "start": 187,
  },
  {
    "end": 415,
    "result": "relative px-4 py-10 bg-white shadow-lg sm:rounded-3xl sm:p-20",
    "start": 354,
  },
  {
    "end": 453,
    "result": "max-w-md mx-auto",
    "start": 437,
  },
  {
    "end": 524,
    "result": "h-7 sm:h-8",
    "start": 514,
  },
  {
    "end": 590,
    "result": "divide-y divide-gray-200",
    "start": 566,
  },
  {
    "end": 688,
    "result": "py-8 text-base leading-6 space-y-4 text-gray-700 sm:text-lg sm:leading-7",
    "start": 616,
  },
  {
    "end": 834,
    "result": "list-disc space-y-2",
    "start": 815,
  },
  {
    "end": 879,
    "result": "flex items-start",
    "start": 863,
  },
  {
    "end": 940,
    "result": "h-6 flex items-center sm:h-7",
    "start": 912,
  },
  {
    "end": 1009,
    "result": "flex-shrink-0 h-5 w-5 text-cyan-500",
    "start": 974,
  },
  {
    "end": 1388,
    "result": "ml-2",
    "start": 1384,
  },
  {
    "end": 1490,
    "result": "text-sm font-bold text-gray-900",
    "start": 1459,
  },
  {
    "end": 1605,
    "result": "flex items-start",
    "start": 1589,
  },
  {
    "end": 1666,
    "result": "h-6 flex items-center sm:h-7",
    "start": 1638,
  },
  {
    "end": 1735,
    "result": "flex-shrink-0 h-5 w-5 text-cyan-500",
    "start": 1700,
  },
  {
    "end": 2114,
    "result": "ml-2",
    "start": 2110,
  },
  {
    "end": 2223,
    "result": "text-sm font-bold text-gray-900",
    "start": 2192,
  },
  {
    "end": 2324,
    "result": "flex items-start",
    "start": 2308,
  },
  {
    "end": 2385,
    "result": "h-6 flex items-center sm:h-7",
    "start": 2357,
  },
  {
    "end": 2454,
    "result": "flex-shrink-0 h-5 w-5 text-cyan-500",
    "start": 2419,
  },
  {
    "end": 2832,
    "result": "ml-2",
    "start": 2828,
  },
  {
    "end": 3153,
    "result": "pt-6 text-base leading-6 font-bold sm:text-lg sm:leading-7",
    "start": 3095,
  },
  {
    "end": 3320,
    "result": "text-cyan-600 hover:text-cyan-700",
    "start": 3287,
  },
]
`;

exports[`HTMLParser > parse jsx syntax > class 1`] = `
[
  {
    "end": 37,
    "result": "z-20 bg-green-600 \${variable}",
    "start": 8,
  },
]
`;

exports[`HTMLParser > parse jsx syntax > className 1`] = `
[
  {
    "end": 35,
    "result": "css\`height:calc(100",
    "start": 16,
  },
  {
    "end": 118,
    "result": "float-left w-250px h-full bg-hex-f7f7fa overflow-y-auto",
    "start": 63,
  },
]
`;

exports[`HTMLParser > parse tags > tag 1`] = `
[
  "div",
  "img",
  "p",
  "ul",
  "li",
  "span",
  "svg",
  "path",
  "code",
  "a",
]
`;
